// Jest Snapshot v1, https://goo.gl/fbAQLP

exports[`Navigation Component renders actions div if showMenu and desktopOnly are false 1`] = `
<div
  className="navigation"
>
  <div
    className="actions"
  >
    <button
      aria-label="Show Menu"
      className="menu__btn action action--right"
      onClick={[Function]}
      type="button"
    >
      <span
        className="icon icon--menu"
      >
        <svg
          viewBox="0 0 50 50"
          xmlns="http://www.w3.org/2000/svg"
        >
          <path
            d="M48.3 39.7H1.7C.8 39.7 0 39 0 38s.7-1.7 1.7-1.7h46.6c.9 0 1.7.7 1.7 1.7s-.7 1.7-1.7 1.7zm0-12.7H1.7C.8 27 0 26.2 0 25.3c0-.9.7-1.7 1.7-1.7h46.6c.9 0 1.7.7 1.7 1.7 0 .9-.7 1.7-1.7 1.7zm0-12.8H1.7c-.9 0-1.7-.7-1.7-1.7s.7-1.7 1.7-1.7h46.6c.9 0 1.7.7 1.7 1.7s-.7 1.7-1.7 1.7z"
          />
        </svg>
      </span>
    </button>
  </div>
</div>
`;
