// Jest Snapshot v1, https://goo.gl/fbAQLP

exports[`Toggle Component correctly renders Input component 1`] = `
<label
  className="inline-input__toggle"
>
  <span
    className="undefined__label"
  />
  <div
    className="switch"
  >
    <input
      checked={false}
      onChange={[Function]}
      type="checkbox"
    />
    <button
      aria-label="Checkbox toggle"
      className="switch__btn"
      onClick={[Function]}
      type="button"
    />
  </div>
</label>
`;
