// Jest Snapshot v1, https://goo.gl/fbAQLP

exports[`Input Component correctly renders Input component 1`] = `
<div
  className="input inline-input"
>
  <div
    className="inline-input__text "
  >
    <label>
      <span
        className="inline-input__label"
      />
      <input
        maxLength={200}
        type="text"
      />
    </label>
  </div>
</div>
`;
