// Jest Snapshot v1, https://goo.gl/fbAQLP

exports[`LoginForm Component renders correctly 1`] = `
<section
  className="width-wrapper"
>
  <h2>
    Login with email and password
  </h2>
  <form
    className="signupForm"
    method="POST"
    name="loginEmail"
    onSubmit={[Function]}
  >
    <fieldset>
      <div
        className="input inline-input"
      >
        <div
          className="inline-input__email inline-input__email--full"
        >
          <label
            htmlFor="login-email"
          >
            <span
              className="inline-input__label"
            >
              Email
            </span>
            <input
              id="login-email"
              maxLength={200}
              name="email"
              onChange={[Function]}
              placeholder="email address (i.e., email@example.com)"
              type="email"
              value=""
            />
          </label>
        </div>
      </div>
      <div
        className="input inline-input"
      >
        <div
          className="inline-input__password inline-input__password--full"
        >
          <label
            htmlFor="login-password"
          >
            <span
              className="inline-input__label"
            >
              Password
            </span>
            <input
              id="login-password"
              maxLength={200}
              name="password"
              onChange={[Function]}
              placeholder="your password"
              type="password"
              value=""
            />
          </label>
        </div>
      </div>
    </fieldset>
    <div
      className="form-meta"
    >
      <button
        className="btn btn--strong"
        disabled={true}
        type="submit"
      >
        Login
      </button>
      <br />
      <br />
      <a
        href="/forgot-password"
        onClick={[Function]}
      >
        Forgot Password
      </a>
    </div>
  </form>
</section>
`;
